In file `rules/Perks.txt`:
 Line 10: Can't find variant `CriticalChance`
